// Jest Snapshot v1, https://goo.gl/fbAQLP

exports[`CampaignInfobox renders correctly 1`] = `
.c6 {
  margin: 24px 0 8px 0;
  color: #666666;
  font-size: 18px;
  line-height: 20px;
  font-family: OswaldLight,Arial,sans-serif;
  font-weight: 600;
  -webkit-letter-spacing: 0.2px;
  -moz-letter-spacing: 0.2px;
  -ms-letter-spacing: 0.2px;
  letter-spacing: 0.2px;
  white-space: normal;
  overflow: hidden;
  max-height: calc(20px * 2);
  -webkit-line-clamp: 2;
  display: -webkit-box;
  -webkit-box-orient: vertical;
}

.c0 {
  display: -webkit-box;
  display: -webkit-flex;
  display: -ms-flexbox;
  display: flex;
  -webkit-align-items: center;
  -webkit-box-align: center;
  -ms-flex-align: center;
  align-items: center;
  width: -webkit-max-content;
  width: -moz-max-content;
  width: max-content;
  color: #999999;
  opacity: 1.0;
  -webkit-text-decoration: none;
  text-decoration: none;
  cursor: pointer;
  position: relative;
  padding: 16px;
}

.c0::after {
  content: '';
  position: absolute;
  display: none;
  bottom: -2px;
  height: 1px;
  background-color: #999999;
  -webkit-transform-origin: right center;
  -ms-transform-origin: right center;
  transform-origin: right center;
  -webkit-transform: scale(0,1);
  -ms-transform: scale(0,1);
  transform: scale(0,1);
  -webkit-transition: -webkit-transform 0.25s cubic-bezier(0.37,0.31,0.2,0.85);
  -webkit-transition: transform 0.25s cubic-bezier(0.37,0.31,0.2,0.85);
  transition: transform 0.25s cubic-bezier(0.37,0.31,0.2,0.85);
}

.c0:hover::after {
  -webkit-transform-origin: left center;
  -ms-transform-origin: left center;
  transform-origin: left center;
  -webkit-transform: scale(1,1);
  -ms-transform: scale(1,1);
  transform: scale(1,1);
}

.c3 {
  position: relative;
  display: -webkit-box;
  display: -webkit-flex;
  display: -ms-flexbox;
  display: flex;
  width: 100%;
  max-width: 100%;
}

.c3 img {
  object-fit: contain;
}

.c2 {
  width: 100%;
  display: -webkit-box;
  display: -webkit-flex;
  display: -ms-flexbox;
  display: flex;
  background-color: #FFFFFF;
  border-radius: 4px;
  border: 1px solid #E5E5E5;
}

.c2:hover {
  cursor: pointer;
  -webkit-transform: translateY(-1px);
  -ms-transform: translateY(-1px);
  transform: translateY(-1px);
  box-shadow: 0 8px 10px 1px rgba(0,0,0,0.07),0 3px 14px 2px rgba(0,0,0,0.06),0 5px 5px -3px rgba(0,0,0,0.1);
  border-color: rgba(0,0,0,0);
}

.c1 {
  width: 100%;
}

.c5 {
  display: -webkit-box;
  display: -webkit-flex;
  display: -ms-flexbox;
  display: flex;
  padding-left: 0.5rem;
}

.c5 span {
  margin: auto;
  margin-right: 16px;
}

.c4 {
  display: -webkit-box;
  display: -webkit-flex;
  display: -ms-flexbox;
  display: flex;
  padding: 0.5rem;
}

.c4:hover {
  cursor: pointer;
}

.c4 img {
  max-height: 60px;
  width: auto;
}

.c4 picture {
  display: -webkit-box;
  display: -webkit-flex;
  display: -ms-flexbox;
  display: flex;
}

@media screen and (-ms-high-contrast:active),screen and (-ms-high-contrast:none) {
  .c3 {
    max-width: 100%;
  }
}

@media screen and (-ms-high-contrast:active),screen and (-ms-high-contrast:none) {
  .c3 img {
    max-width: 100%;
    width: auto;
    height: auto;
  }
}

@media screen and (-ms-high-contrast:active),screen and (-ms-high-contrast:none) {
  .c5 {
    -webkit-align-items: center;
    -webkit-box-align: center;
    -ms-flex-align: center;
    align-items: center;
  }
}

@media screen and (-ms-high-contrast:active),screen and (-ms-high-contrast:none) {
  .c4 {
    width: auto;
  }
}

<a
  className="c0 c1"
  href="/"
  onClick={[Function]}
>
  <div
    className="c2"
  >
    <div
      className="c3 c4"
      width="100%"
    >
      <picture
        style={
          Object {
            "height": undefined,
            "width": "100%",
          }
        }
      >
        <img
          alt="image"
          loading="eager"
          src="public/images/teasers/versandkostenfrei.jpeg"
          width="100%"
        />
      </picture>
    </div>
    <div
      className="c5"
    >
      <span
        className="c6"
        color="grey5"
        fontFamily="default"
        fontSize="md"
        spacing="half"
      >
        Jetzt gratis liefern lassen ab einem Warenkorbwert von 100â‚¬.
      </span>
    </div>
  </div>
</a>
`;
