// Jest Snapshot v1, https://goo.gl/fbAQLP

exports[`Status renders correctly 1`] = `
.c0 {
  width: 16px;
  height: 16px;
  background: #00C8DC;
  font-family: OswaldLight,Arial,sans-serif;
  font-size: 12px;
  color: #FFFFFF;
  border-radius: 100%;
  text-align: center;
  display: -webkit-box;
  display: -webkit-flex;
  display: -ms-flexbox;
  display: flex;
  -webkit-box-pack: center;
  -webkit-justify-content: center;
  -ms-flex-pack: center;
  justify-content: center;
  -webkit-align-items: center;
  -webkit-box-align: center;
  -ms-flex-align: center;
  align-items: center;
}

<div
  className="c0"
  type="primary"
>
  1
</div>
`;
