// Jest Snapshot v1, https://goo.gl/fbAQLP

exports[`Meta Feature list renders feature list 1`] = `
.c7 {
  height: 1px;
  width: 100%;
  background: #E5E5E5;
  border-width: 0;
  margin: 0;
}

.c5 {
  margin: 0;
  color: #666666;
  font-size: 14px;
  line-height: 20px;
  font-family: "Oswald","Raleway",Arial,sans-serif;
  font-weight: 600;
  -webkit-letter-spacing: normal;
  -moz-letter-spacing: normal;
  -ms-letter-spacing: normal;
  letter-spacing: normal;
}

.c6 {
  margin: 0;
  color: #666666;
  font-size: 14px;
  line-height: 20px;
  font-family: "Oswald","Raleway",Arial,sans-serif;
  font-weight: 400;
  -webkit-letter-spacing: normal;
  -moz-letter-spacing: normal;
  -ms-letter-spacing: normal;
  letter-spacing: normal;
}

.c0 {
  display: -webkit-box;
  display: -webkit-flex;
  display: -ms-flexbox;
  display: flex;
  -webkit-flex-direction: column;
  -ms-flex-direction: column;
  flex-direction: column;
}

.c4 {
  -webkit-box-flex: 1;
  -webkit-flex-grow: 1;
  -ms-flex-positive: 1;
  flex-grow: 1;
  box-sizing: border-box;
  margin: calc(16px / 2);
  width: calc(100% - 16px);
  width: calc(50% - 16px);
}

.c2 {
  box-sizing: border-box;
  margin: 0 auto;
  max-width: 1472px;
  padding: 0;
}

.c3 {
  display: -webkit-box;
  display: -webkit-flex;
  display: -ms-flexbox;
  display: flex;
  -webkit-flex-flow: row wrap;
  -ms-flex-flow: row wrap;
  flex-flow: row wrap;
  -webkit-align-items: stretch;
  -webkit-box-align: stretch;
  -ms-flex-align: stretch;
  align-items: stretch;
  margin: 0;
  margin-bottom: 0;
}

.c1 {
  padding-top: 16px;
  padding-bottom: 16px;
}

@supports (display:grid) {
  .c4 {
    margin: 0;
    width: auto;
    grid-column-end: span 4;
  }
}

@supports (display:grid) {
  .c4 {
    width: auto;
    grid-column-end: span 2;
  }
}

@media (min-width:512px) {
  .c4 {
    display: block;
    margin: calc(16px / 2);
    width: calc(50% - 16px);
    width: calc(50% - 16px);
  }
}

@media (min-width:752px) {
  .c4 {
    display: block;
    margin: calc(24px / 2);
    width: calc(50% - 24px);
    width: calc(50% - 24px);
  }
}

@media (min-width:1008px) {
  .c4 {
    display: block;
    margin: calc(24px / 2);
    width: calc(33.33333% - 24px);
    width: calc(50% - 24px);
  }
}

@media (min-width:1232px) {
  .c4 {
    display: block;
    margin: calc(24px / 2);
    width: calc(33.33333% - 24px);
    width: calc(50% - 24px);
  }
}

@media screen and (-ms-high-contrast:active),screen and (-ms-high-contrast:none) {

}

@supports (display:grid) {
  .c3 {
    display: grid;
    grid-gap: 16px;
    grid-template-columns: repeat(4,minmax(0,1fr));
  }
}

@media (min-width:512px) {

}

@media (min-width:752px) {

}

@media (min-width:1008px) {

}

@media (min-width:1232px) {

}

<div
  className="c0"
  display="flex"
>
  <div
    className="c1"
  >
    <div
      className="c2"
    >
      <div
        className="c3"
      >
        <div
          className="c4"
        >
          <p
            className="c5"
            color="grey5"
            fontSize="xs"
          >
            Provider
          </p>
        </div>
        <div
          className="c4"
        >
          <p
            className="c6"
            color="grey5"
            fontSize="xs"
          >
            Youtube
          </p>
        </div>
      </div>
    </div>
  </div>
  <hr
    className="c7"
    color="grey2"
    height={1}
  />
  <div
    className="c1"
  >
    <div
      className="c2"
    >
      <div
        className="c3"
      >
        <div
          className="c4"
        >
          <p
            className="c5"
            color="grey5"
            fontSize="xs"
          >
            Primary competency
          </p>
        </div>
        <div
          className="c4"
        >
          <p
            className="c6"
            color="grey5"
            fontSize="xs"
          >
            Digital Marketing
          </p>
        </div>
      </div>
    </div>
  </div>
  <hr
    className="c7"
    color="grey2"
    height={1}
  />
  <div
    className="c1"
  >
    <div
      className="c2"
    >
      <div
        className="c3"
      >
        <div
          className="c4"
        >
          <p
            className="c5"
            color="grey5"
            fontSize="xs"
          >
            Type
          </p>
        </div>
        <div
          className="c4"
        >
          <p
            className="c6"
            color="grey5"
            fontSize="xs"
          >
            Article
          </p>
        </div>
      </div>
    </div>
  </div>
  <hr
    className="c7"
    color="grey2"
    height={1}
  />
  <div
    className="c1"
  >
    <div
      className="c2"
    >
      <div
        className="c3"
      >
        <div
          className="c4"
        >
          <p
            className="c5"
            color="grey5"
            fontSize="xs"
          >
            Length
          </p>
        </div>
        <div
          className="c4"
        >
          <p
            className="c6"
            color="grey5"
            fontSize="xs"
          >
            16 minutes
          </p>
        </div>
      </div>
    </div>
  </div>
  <hr
    className="c7"
    color="grey2"
    height={1}
  />
</div>
`;
