// Jest Snapshot v1, https://goo.gl/fbAQLP

exports[`ImageTeaser renders correctly: default teaser with badges 1`] = `
.c5 {
  margin: 0;
  font-size: 12px;
  line-height: 16px;
  font-family: "Oswald","Raleway",Arial,sans-serif;
  font-weight: 400;
  -webkit-letter-spacing: normal;
  -moz-letter-spacing: normal;
  -ms-letter-spacing: normal;
  letter-spacing: normal;
}

.c6 {
  background-color: #00C8DC;
  color: #FFFFFF;
  text-align: center;
  display: -webkit-box;
  display: -webkit-flex;
  display: -ms-flexbox;
  display: flex;
  -webkit-align-items: center;
  -webkit-box-align: center;
  -ms-flex-align: center;
  align-items: center;
  padding-left: 24px;
  padding-right: 24px;
  margin-left: 0;
  margin-right: 9px;
  box-sizing: content-box;
  height: 28px;
  overflow: auto;
}

.c3 {
  display: -webkit-box;
  display: -webkit-flex;
  display: -ms-flexbox;
  display: flex;
  -webkit-flex-direction: row;
  -ms-flex-direction: row;
  flex-direction: row;
  -webkit-flex-wrap: wrap;
  -ms-flex-wrap: wrap;
  flex-wrap: wrap;
  overflow: hidden;
  height: 30px;
}

.c4 {
  display: inline-block;
  position: relative;
  margin-right: 8px;
  max-width: 100%;
}

.c7 {
  display: inline-block;
  text-overflow: ellipsis;
  overflow: hidden;
}

.c9 {
  position: relative;
  display: -webkit-box;
  display: -webkit-flex;
  display: -ms-flexbox;
  display: flex;
  width: 100%;
  max-width: 100%;
}

.c9 img {
  height: 100%;
  object-fit: cover;
}

.c2 {
  position: absolute;
  left: 0;
  top: -14px;
  max-width: 100%;
  z-index: 1;
}

.c8 {
  display: -webkit-box;
  display: -webkit-flex;
  display: -ms-flexbox;
  display: flex;
  box-sizing: border-box;
  line-height: 1.43;
  overflow: hidden;
  color: #000000;
  border: 1px solid #E5E5E5;
  background-color: #FFFFFF;
  cursor: pointer;
  -webkit-transition-duration: 0.15s;
  transition-duration: 0.15s;
  -webkit-transition-timing-function: ease-in-out;
  transition-timing-function: ease-in-out;
  -webkit-transition-property: border-color,box-shadow,-webkit-transform;
  -webkit-transition-property: border-color,box-shadow,transform;
  transition-property: border-color,box-shadow,transform;
  border-radius: 4px;
  height: 100%;
  width: 100%;
}

.c0 {
  position: relative;
  outline: none;
  width: 100%;
  height: 100%;
}

.c0 .c1 {
  -webkit-transition-duration: 0.15s;
  transition-duration: 0.15s;
  -webkit-transition-timing-function: ease-in-out;
  transition-timing-function: ease-in-out;
  -webkit-transition-property: -webkit-transform;
  -webkit-transition-property: transform;
  transition-property: transform;
}

@media screen and (-ms-high-contrast:active),screen and (-ms-high-contrast:none) {
  .c9 {
    max-width: 100%;
  }
}

@media screen and (-ms-high-contrast:active),screen and (-ms-high-contrast:none) {
  .c9 img {
    max-width: 100%;
    width: auto;
    height: auto;
  }
}

@media (max-width:752px) {
  .c2 > div > div:nth-child(n + 3) {
    display: none;
  }
}

@media (min-width:512px) {
  .c8:hover {
    -webkit-transform: translateY(-1px);
    -ms-transform: translateY(-1px);
    transform: translateY(-1px);
    box-shadow: 0 24px 38px 3px rgba(0,0,0,0.07),0 9px 46px 8px rgba(0,0,0,0.06),0 11px 15px -7px rgba(0,0,0,0.10);
    border-color: rgba(0,0,0,0);
  }
}

@media (min-width:512px) {
  .c0:hover .c1,
  .c0:hover .Cardstyled__StyledFeaturedAssetsContainer-sc-1gx6c15-3 {
    -webkit-transform: translateY(-1px);
    -ms-transform: translateY(-1px);
    transform: translateY(-1px);
  }
}

<div
  className="c0"
>
  <div
    className="c1 c2"
  >
    <div
      className="c3"
    >
      <div
        className="c4"
      >
        <span
          className="c5 c6"
          fontSize="xxs"
        >
          <div
            className="c7"
          >
            Featured
          </div>
        </span>
      </div>
      <div
        className="c4"
      >
        <span
          className="c5 c6"
          fontSize="xxs"
        >
          <div
            className="c7"
          >
            Live@@@
          </div>
        </span>
      </div>
    </div>
  </div>
  <div
    className="c8"
    display="flex"
    elevation={0}
    shape="rounded-small"
  >
    <div
      className="c9"
      height="100%"
      width="100%"
    >
      <picture
        style={
          Object {
            "height": "100%",
            "width": "100%",
          }
        }
      >
        <source
          media="(max-width: 511px)"
          srcSet="public/images/teasers/1200x360.jpg"
        />
        <source
          media="(max-width: 751px)"
          srcSet="public/images/teasers/1000x360.jpg"
        />
        <source
          media="(max-width: 1007px)"
          srcSet="public/images/teasers/700x560.jpg"
        />
        <img
          alt="image"
          height="100%"
          loading="eager"
          src="public/images/teasers/500x560.jpg"
          width="100%"
        />
      </picture>
    </div>
  </div>
</div>
`;
