// Jest Snapshot v1, https://goo.gl/fbAQLP

exports[`<ActionLink /> component should render a <Link /> component 1`] = `
.c1 {
  color: #999999;
  font-size: 16px;
  line-height: 24px;
  font-family: "Oswald","Raleway",Arial,sans-serif;
  font-weight: 400;
  -webkit-letter-spacing: normal;
  -moz-letter-spacing: normal;
  -ms-letter-spacing: normal;
  letter-spacing: normal;
}

.c0 {
  display: -webkit-box;
  display: -webkit-flex;
  display: -ms-flexbox;
  display: flex;
  -webkit-align-items: center;
  -webkit-box-align: center;
  -ms-flex-align: center;
  align-items: center;
  width: -webkit-max-content;
  width: -moz-max-content;
  width: max-content;
  color: #999999;
  opacity: 1.0;
  -webkit-text-decoration: none;
  text-decoration: none;
  cursor: pointer;
  position: relative;
  padding: 16px;
}

.c0::after {
  content: '';
  position: absolute;
  display: none;
  bottom: -2px;
  height: 1px;
  background-color: #999999;
  -webkit-transform-origin: right center;
  -ms-transform-origin: right center;
  transform-origin: right center;
  -webkit-transform: scale(0,1);
  -ms-transform: scale(0,1);
  transform: scale(0,1);
  -webkit-transition: -webkit-transform 0.25s cubic-bezier(0.37,0.31,0.2,0.85);
  -webkit-transition: transform 0.25s cubic-bezier(0.37,0.31,0.2,0.85);
  transition: transform 0.25s cubic-bezier(0.37,0.31,0.2,0.85);
}

.c0:hover::after {
  -webkit-transform-origin: left center;
  -ms-transform-origin: left center;
  transform-origin: left center;
  -webkit-transform: scale(1,1);
  -ms-transform: scale(1,1);
  transform: scale(1,1);
}

.c2 {
  display: block;
  color: #999999;
}

<a
  className="c0"
  color="grey4"
  target="_self"
>
  <span
    className="c1 c2"
    color="grey4"
    fontSize="sm"
  >
    Click me
  </span>
</a>
`;
