// Jest Snapshot v1, https://goo.gl/fbAQLP

exports[`<MarketSelectorModal /> renders correct 1`] = `
.c5 {
  margin: 0;
  font-size: 26px;
  line-height: 28px;
  font-family: OswaldLight,Arial,sans-serif;
  font-weight: 600;
  -webkit-letter-spacing: 0.4px;
  -moz-letter-spacing: 0.4px;
  -ms-letter-spacing: 0.4px;
  letter-spacing: 0.4px;
  text-align: center;
}

.c15 {
  color: #666666;
  font-size: 18px;
  line-height: 28px;
  font-family: OswaldLight,Arial,sans-serif;
  font-weight: 600;
  -webkit-letter-spacing: normal;
  -moz-letter-spacing: normal;
  -ms-letter-spacing: normal;
  letter-spacing: normal;
  text-align: center;
}

.c21 {
  color: #666666;
  font-size: 16px;
  line-height: 20px;
  font-family: OswaldLight,Arial,sans-serif;
  font-weight: 400;
  -webkit-letter-spacing: normal;
  -moz-letter-spacing: normal;
  -ms-letter-spacing: normal;
  letter-spacing: normal;
}

.c7 {
  display: -webkit-box;
  display: -webkit-flex;
  display: -ms-flexbox;
  display: flex;
}

.c7 svg {
  width: 30px;
  height: 30px;
  -webkit-transform: rotate(0deg);
  -ms-transform: rotate(0deg);
  transform: rotate(0deg);
  fill: #666666;
}

.c7 svg g,
.c7 svg p {
  fill: #666666;
}

.c13 {
  display: -webkit-box;
  display: -webkit-flex;
  display: -ms-flexbox;
  display: flex;
}

.c13 svg {
  width: 108px;
  height: 108px;
  -webkit-transform: rotate(0deg);
  -ms-transform: rotate(0deg);
  transform: rotate(0deg);
  fill: currentColor;
}

.c13 svg g,
.c13 svg p {
  fill: currentColor;
}

.c27 {
  display: -webkit-box;
  display: -webkit-flex;
  display: -ms-flexbox;
  display: flex;
}

.c27 svg {
  width: 20px;
  height: 20px;
  -webkit-transform: rotate(0deg);
  -ms-transform: rotate(0deg);
  transform: rotate(0deg);
  fill: #CCCCCC;
}

.c27 svg g,
.c27 svg p {
  fill: #CCCCCC;
}

.c25 {
  display: -webkit-box;
  display: -webkit-flex;
  display: -ms-flexbox;
  display: flex;
  -webkit-box-pack: center;
  -webkit-justify-content: center;
  -ms-flex-pack: center;
  justify-content: center;
  -webkit-align-items: center;
  -webkit-box-align: center;
  -ms-flex-align: center;
  align-items: center;
  border-radius: 4px;
  box-sizing: border-box;
  outline: none;
  cursor: pointer;
  -webkit-appearance: none;
  -moz-appearance: none;
  appearance: none;
  -webkit-appearance: none;
  padding: 12px 24px;
  position: relative;
  -webkit-text-decoration: none;
  text-decoration: none;
  font-family: OswaldLight,Arial,sans-serif;
  font-weight: normal;
  font-size: 16px;
  height: 48px;
  width: -webkit-fit-content;
  width: -moz-fit-content;
  width: fit-content;
  box-shadow: none;
  border: 2px solid #00C8DC;
  background: #FFFFFF;
  color: #00C8DC;
}

.c25 .c6 {
  padding: 0 0px;
}

.c25 .Status-y46az8-0 {
  position: absolute;
  top: -6px;
  right: -6px;
}

.c25:hover {
  box-shadow: 0 8px 10px 1px rgba(0,0,0,0.07),0 3px 14px 2px rgba(0,0,0,0.06),0 5px 5px -3px rgba(0,0,0,0.10);
}

.c25 > span {
  color: inherit;
  display: block;
  text-align: center;
  width: 100%;
}

.c26 {
  min-width: 20px;
  height: 20px;
  padding: 0 8px;
}

.c0 {
  z-index: 201;
  top: 0;
  bottom: 0;
  right: 0;
  left: 0;
  position: fixed;
  overflow-y: auto;
}

.c1 {
  position: fixed;
  position: -webkit-sticky;
  position: sticky;
  right: 0;
  bottom: 0;
  top: 0;
  left: 0;
  z-index: 100;
  width: 100%;
  height: 100%;
  background-color: rgba(0,0,0,0.7);
}

.c2 {
  background: #FFFFFF;
  border-radius: 0;
  box-sizing: border-box;
  z-index: 101;
  width: 100%;
  height: 100%;
  display: -webkit-box;
  display: -webkit-flex;
  display: -ms-flexbox;
  display: flex;
  -webkit-flex-flow: column;
  -ms-flex-flow: column;
  flex-flow: column;
  overflow-y: hidden;
  position: absolute;
  top: 0;
}

.c10 {
  width: 100%;
  display: -webkit-box;
  display: -webkit-flex;
  display: -ms-flexbox;
  display: flex;
  -webkit-flex-flow: column;
  -ms-flex-flow: column;
  flex-flow: column;
}

.c10 img {
  max-width: 100%;
}

.c9 {
  padding: 0 16px 16px 16px;
  max-width: 100%;
  overflow-y: scroll;
  -webkit-overflow-scrolling: touch;
}

.c3 {
  display: -webkit-box;
  display: -webkit-flex;
  display: -ms-flexbox;
  display: flex;
  -webkit-box-pack: center;
  -webkit-justify-content: center;
  -ms-flex-pack: center;
  justify-content: center;
  padding: 16px;
}

.c8 {
  -webkit-flex: 1;
  -ms-flex: 1;
  flex: 1;
  display: -webkit-box;
  display: -webkit-flex;
  display: -ms-flexbox;
  display: flex;
  -webkit-box-pack: end;
  -webkit-justify-content: flex-end;
  -ms-flex-pack: end;
  justify-content: flex-end;
  -webkit-align-items: center;
  -webkit-box-align: center;
  -ms-flex-align: center;
  align-items: center;
  cursor: pointer;
  padding: 0;
  z-index: 1;
  outline: none;
  background: none;
  border: none;
}

.c4 {
  -webkit-flex: 1;
  -ms-flex: 1;
  flex: 1;
}

.c18 {
  display: -webkit-inline-box;
  display: -webkit-inline-flex;
  display: -ms-inline-flexbox;
  display: inline-flex;
  -webkit-flex-direction: column;
  -ms-flex-direction: column;
  flex-direction: column;
  position: relative;
  vertical-align: top;
  width: 100%;
}

.c18 .c6 {
  position: absolute;
  right: 0;
  top: 28px;
  outline: none;
}

.c18 .c6:focus svg {
  fill: #000000;
}

.c23 {
  border: 0;
  box-sizing: content-box;
  display: block;
  font-size: 16px;
  font-family: OswaldLight,Arial,sans-serif;
  margin: 24px 0 0 0;
  box-shadow: 0 3px 4px 0 rgba(0,0,0,0.07),0 3px 3px -2px rgba(0,0,0,0.06),0 1px 8px 0 rgba(0,0,0,0.10);
  border-radius: 12px;
  background-color: #FFFFFF;
  min-width: 0;
  width: 100%;
  padding: 8px 16px;
  line-height: 40px;
  outline: none;
  position: relative;
  -webkit-tap-highlight-color: transparent;
}

.c23::-webkit-input-placeholder {
  opacity: 0;
}

.c23::-moz-placeholder {
  opacity: 0;
}

.c23:-ms-input-placeholder {
  opacity: 0;
}

.c23::placeholder {
  opacity: 0;
}

.c23:focus::-webkit-input-placeholder {
  opacity: 1;
}

.c23:focus::-moz-placeholder {
  opacity: 1;
}

.c23:focus:-ms-input-placeholder {
  opacity: 1;
}

.c23:focus::placeholder {
  opacity: 1;
}

.c24 {
  position: absolute;
  top: 16px;
  right: 16px;
  height: 100%;
}

.c24 > button {
  background: none;
  border: none;
  margin: 0;
  padding: 0;
  top: 28px;
  outline: none;
}

.c24 > button:focus svg {
  fill: #000000;
}

.c20 {
  margin-right: 32px;
}

.c22 {
  position: absolute;
  margin-top: 4px;
  -webkit-transform-origin: top left;
  -ms-transform-origin: top left;
  transform-origin: top left;
  -webkit-transition: color 0.25s cubic-bezier(0,0,0.2,1) 0ms,top 0.25s cubic-bezier(0,0,0.2,1) 0ms;
  transition: color 0.25s cubic-bezier(0,0,0.2,1) 0ms,top 0.25s cubic-bezier(0,0,0.2,1) 0ms;
  top: 24px;
  -webkit-transform-origin: top left;
  -ms-transform-origin: top left;
  transform-origin: top left;
}

.c19 input::-webkit-input-placeholder {
  opacity: 1;
}

.c19 input::-moz-placeholder {
  opacity: 1;
}

.c19 input:-ms-input-placeholder {
  opacity: 1;
}

.c19 input::placeholder {
  opacity: 1;
}

.c19 .c6 {
  cursor: pointer;
}

.c17 {
  position: relative;
  min-height: auto;
}

.c14 svg {
  margin-left: auto;
  margin-right: auto;
}

.c12 {
  max-width: 390px;
  margin-left: auto;
  margin-right: auto;
}

.c16 {
  margin-left: auto;
  margin-right: auto;
}

.c11 {
  max-width: 400px;
  margin: 0 auto;
  padding: 8px 0;
}

@media (min-width:512px) {
  .c1 {
    overflow: auto;
    -webkit-overflow-scrolling: touch;
  }
}

@media (min-width:512px) {
  .c2 {
    top: 48px;
    -webkit-transform: translate(-50%);
    -ms-transform: translate(-50%);
    transform: translate(-50%);
    margin-bottom: 64px;
    left: 50%;
    display: block;
    padding: 32px 24px;
    border-radius: 4px;
    height: auto;
    max-width: 756px;
  }
}

@media (min-width:512px) {
  .c9 {
    overflow-y: scroll;
    -webkit-overflow-scrolling: touch;
    padding: 0;
  }
}

@media (min-width:512px) {
  .c3 {
    padding: 0 0 16px 0;
  }
}

@media (min-width:752px) {
  .c11 {
    max-width: 650px;
  }
}

<div
  className="c0"
  id="saiyan-styled-modal-wrapper"
>
  <div
    className="c1"
    onClick={[Function]}
  />
  <div
    className="c2"
    onClick={[Function]}
    size="lg"
  >
    <div
      className="c3"
    >
      <div
        className="c4"
      />
      <div>
        <h1
          className="c5"
          fontFamily="default"
          fontSize="xl"
          spacing="base"
        >
          Choose a market
        </h1>
      </div>
      <div
        className="c6 c7 c8"
        color="grey5"
        height={30}
        onClick={[Function]}
        width={30}
      >
        <svg
          height={32}
          viewBox="0 0 24 24"
          width={32}
        />
      </div>
    </div>
    <div
      className="c9"
      id="saiyan-styled-modal-desktop-wrapper"
    >
      <div
        className="c10"
      >
        <div
          className="c11"
        >
          <div
            className="c12"
          >
            <div
              className="c6 c13 c14"
              height={108}
              width={108}
            >
              <svg
                height={20}
                width={20}
                xmlns="http://www.w3.org/2000/svg"
                xmlnsXlink="http://www.w3.org/1999/xlink"
              >
                <defs>
                  <path
                    d="M10 0c5.514 0 10 4.486 10 10s-4.486 10-10 10S0 15.514 0 10 4.486 0 10 0zm0 1.622C5.38 1.622 1.622 5.38 1.622 10S5.38 18.378 10 18.378 18.378 14.62 18.378 10 14.62 1.622 10 1.622zm3.848 5.06a.81.81 0 111.116 1.177l-5.757 5.46a.81.81 0 01-1.14-.024l-3.026-3.107a.81.81 0 111.161-1.132l2.47 2.535z"
                    id="a"
                  />
                </defs>
                <g
                  fill="none"
                  fillRule="evenodd"
                >
                  <mask
                    fill="#fff"
                    id="b"
                  >
                    <use
                      xlinkHref="#a"
                    />
                  </mask>
                  <use
                    fill="#000"
                    fillRule="nonzero"
                    xlinkHref="#a"
                  />
                  <g
                    fill="#999"
                    mask="url(#b)"
                  >
                    <path
                      d="M0 0h20v20H0z"
                    />
                  </g>
                </g>
              </svg>
            </div>
            <p
              className="c15 c16"
              color="grey5"
              fontSize="md"
            >
              Please enter your postal code or city, to view markets in your area.
            </p>
            <div
              className="c17"
              data-test="mms-market-search-field"
            >
              <div
                className="c18 c19"
              >
                <div
                  className="c20"
                >
                  <label
                    className="c21 c22"
                    color="grey5"
                    fontSize="sm"
                  >
                    
                  </label>
                  <input
                    aria-invalid={false}
                    aria-required={false}
                    autoFocus={true}
                    className="c23"
                    disabled={false}
                    onBlur={[Function]}
                    onChange={[Function]}
                    onClick={[Function]}
                    onFocus={[Function]}
                    onKeyDown={[Function]}
                    onMouseEnter={[Function]}
                    onMouseLeave={[Function]}
                    placeholder="Search..."
                    required={false}
                    type="text"
                    value=""
                  />
                </div>
                <div
                  className="c24"
                >
                  <button
                    className="c25 c26"
                    disabled={false}
                    height={20}
                    onClick={[Function]}
                    size="md"
                    type="button"
                    width={20}
                  >
                    <span
                      className="c6 c27"
                      color="grey3"
                      height={20}
                      width={20}
                    >
                      <svg
                        viewBox="0 0 24 24"
                        xmlns="http://www.w3.org/2000/svg"
                      >
                        <path
                          d="M20.85 19.44l-4-4a2.44 2.44 0 00-.43-.35l-1-.69A7 7 0 1010 17a7 7 0 004.37-1.53l.75 1a2.6 2.6 0 00.3.36l4 4a.5.5 0 00.71 0l.7-.7a.5.5 0 00.02-.69zM10 15a5 5 0 115-5 5 5 0 01-5 5z"
                        />
                      </svg>
                    </span>
                  </button>
                </div>
              </div>
            </div>
          </div>
        </div>
      </div>
    </div>
  </div>
</div>
`;
