// Jest Snapshot v1, https://goo.gl/fbAQLP

exports[`LoadingIndicator renders filtered theme 1`] = `
.c0 {
  width: 50px;
  height: 50px;
  display: none;
  position: absolute;
}

.c0 div {
  box-sizing: border-box;
  display: block;
  position: absolute;
  width: 100%;
  height: 100%;
  border: 5px solid;
  border-radius: 50%;
  -webkit-animation: fEWCgj 1.2s cubic-bezier(0.5,0,0.5,1) infinite;
  animation: fEWCgj 1.2s cubic-bezier(0.5,0,0.5,1) infinite;
  border-color: #00C8DC transparent transparent transparent;
}

.c0 div:nth-child(1) {
  -webkit-animation-delay: -0.45s;
  animation-delay: -0.45s;
}

.c0 div:nth-child(2) {
  -webkit-animation-delay: -0.3s;
  animation-delay: -0.3s;
}

.c0 div:nth-child(3) {
  -webkit-animation-delay: -0.15s;
  animation-delay: -0.15s;
}

<div
  className="c0"
  color="primary"
  size={50}
>
  <div />
  <div />
  <div />
  <div />
</div>
`;
