// Jest Snapshot v1, https://goo.gl/fbAQLP

exports[`StepConnector should render 1`] = `
.c0 {
  position: absolute;
  bottom: 8px;
  left: 10px;
  right: calc(100% - 24px);
}

.c1 {
  border-color: #00C8DC;
  border-style: solid;
  border-top-width: 4px;
  border-bottom-width: 4px;
  border-radius: 4px;
  display: block;
}

<div
  className="c0"
  color="primary"
>
  <span
    className="c1"
    color="primary"
  />
</div>
`;
