// Jest Snapshot v1, https://goo.gl/fbAQLP

exports[`ToolTip renders basic 1`] = `
.c0 {
  position: relative;
  display: inline-block;
  cursor: pointer;
}

<div
  className="c0"
  onClick={[Function]}
  onMouseEnter={[Function]}
  onMouseLeave={[Function]}
/>
`;

exports[`ToolTip renders default 1`] = `ReactWrapper {}`;

exports[`ToolTip renders primary 1`] = `ReactWrapper {}`;
