// Jest Snapshot v1, https://goo.gl/fbAQLP

exports[`ButtonGroup renders correctly 1`] = `
.c0 {
  display: -webkit-box;
  display: -webkit-flex;
  display: -ms-flexbox;
  display: flex;
  width: 100%;
  background-color: #fff;
}

.c0 button,
.c0 [type='button'] {
  border-radius: 0;
  -webkit-flex: 1 1 auto;
  -ms-flex: 1 1 auto;
  flex: 1 1 auto;
}

.c0 button:first-child,
.c0 [type='button']:first-child {
  border-top-left-radius: 4px;
  border-bottom-left-radius: 4px;
}

.c0 button:last-child,
.c0 [type='button']:last-child {
  border-top-right-radius: 4px;
  border-bottom-right-radius: 4px;
}

<div
  className="c0"
>
  Hello
</div>
`;
