// Jest Snapshot v1, https://goo.gl/fbAQLP

exports[`InfoText renders correctly 1`] = `
.c0 {
  color: #999999;
  font-size: 12px;
  line-height: 16px;
  font-family: "Oswald","Raleway",Arial,sans-serif;
  font-weight: 400;
  -webkit-letter-spacing: normal;
  -moz-letter-spacing: normal;
  -ms-letter-spacing: normal;
  letter-spacing: normal;
}

<span
  className="c0"
  color="grey4"
  fontSize="xxs"
/>
`;
