// Jest Snapshot v1, https://goo.gl/fbAQLP

exports[`Heading renders correctly 1`] = `
Array [
  @media (min-width:752px) {

}

@media (min-width:752px) {

}

<script
    dangerouslySetInnerHTML={
      Object {
        "__html": "{\\"@context\\":\\"https://schema.org\\",\\"@type\\":\\"BreadcrumbList\\",\\"itemListElement\\":[{\\"@type\\":\\"ListItem\\",\\"position\\":1,\\"name\\":\\"home\\",\\"item\\":\\"/\\"},{\\"@type\\":\\"ListItem\\",\\"position\\":2,\\"name\\":\\"Computer & Büro\\",\\"item\\":\\"\\"},{\\"@type\\":\\"ListItem\\",\\"position\\":3,\\"name\\":\\"Drucker & Scanner\\",\\"item\\":\\"\\"},{\\"@type\\":\\"ListItem\\",\\"position\\":4,\\"name\\":\\"Multifunktionsdrucker\\",\\"item\\":\\"#top\\"}]}",
      }
    }
    type="application/ld+json"
  />,
  .c7 {
  display: -webkit-box;
  display: -webkit-flex;
  display: -ms-flexbox;
  display: flex;
}

.c7 svg {
  width: 16px;
  height: 16px;
  -webkit-transform: rotate(0deg);
  -ms-transform: rotate(0deg);
  transform: rotate(0deg);
  fill: #000000;
}

.c7 svg g,
.c7 svg p {
  fill: #000000;
}

.c9 {
  display: -webkit-box;
  display: -webkit-flex;
  display: -ms-flexbox;
  display: flex;
}

.c9 svg {
  width: 25px;
  height: 25px;
  -webkit-transform: rotate(0deg);
  -ms-transform: rotate(0deg);
  transform: rotate(0deg);
  fill: #000000;
}

.c9 svg g,
.c9 svg p {
  fill: #000000;
}

.c10 {
  color: #666666;
  font-size: 16px;
  line-height: 24px;
  font-family: OswaldLight,Arial,sans-serif;
  font-weight: 400;
  -webkit-letter-spacing: normal;
  -moz-letter-spacing: normal;
  -ms-letter-spacing: normal;
  letter-spacing: normal;
}

.c3 {
  display: -webkit-box;
  display: -webkit-flex;
  display: -ms-flexbox;
  display: flex;
  -webkit-align-items: center;
  -webkit-box-align: center;
  -ms-flex-align: center;
  align-items: center;
  width: -webkit-max-content;
  width: -moz-max-content;
  width: max-content;
  color: #999999;
  opacity: 1.0;
  -webkit-text-decoration: none;
  text-decoration: none;
  cursor: pointer;
  position: relative;
  padding: 16px;
}

.c3::after {
  content: '';
  position: absolute;
  display: none;
  bottom: -2px;
  height: 1px;
  background-color: #999999;
  -webkit-transform-origin: right center;
  -ms-transform-origin: right center;
  transform-origin: right center;
  -webkit-transform: scale(0,1);
  -ms-transform: scale(0,1);
  transform: scale(0,1);
  -webkit-transition: -webkit-transform 0.25s cubic-bezier(0.37,0.31,0.2,0.85);
  -webkit-transition: transform 0.25s cubic-bezier(0.37,0.31,0.2,0.85);
  transition: transform 0.25s cubic-bezier(0.37,0.31,0.2,0.85);
}

.c3:hover::after {
  -webkit-transform-origin: left center;
  -ms-transform-origin: left center;
  transform-origin: left center;
  -webkit-transform: scale(1,1);
  -ms-transform: scale(1,1);
  transform: scale(1,1);
}

.c8 {
  display: -webkit-box;
  display: -webkit-flex;
  display: -ms-flexbox;
  display: flex;
  -webkit-align-items: center;
  -webkit-box-align: center;
  -ms-flex-align: center;
  align-items: center;
  width: -webkit-max-content;
  width: -moz-max-content;
  width: max-content;
  color: #666666;
  opacity: 1.0;
  -webkit-text-decoration: none;
  text-decoration: none;
  cursor: pointer;
  position: relative;
  padding: 16px;
}

.c8::after {
  content: '';
  position: absolute;
  display: none;
  bottom: -2px;
  height: 1px;
  background-color: #666666;
  -webkit-transform-origin: right center;
  -ms-transform-origin: right center;
  transform-origin: right center;
  -webkit-transform: scale(0,1);
  -ms-transform: scale(0,1);
  transform: scale(0,1);
  -webkit-transition: -webkit-transform 0.25s cubic-bezier(0.37,0.31,0.2,0.85);
  -webkit-transition: transform 0.25s cubic-bezier(0.37,0.31,0.2,0.85);
  transition: transform 0.25s cubic-bezier(0.37,0.31,0.2,0.85);
}

.c8:hover::after {
  -webkit-transform-origin: left center;
  -ms-transform-origin: left center;
  transform-origin: left center;
  -webkit-transform: scale(1,1);
  -ms-transform: scale(1,1);
  transform: scale(1,1);
}

.c13 {
  display: -webkit-box;
  display: -webkit-flex;
  display: -ms-flexbox;
  display: flex;
  -webkit-align-items: center;
  -webkit-box-align: center;
  -ms-flex-align: center;
  align-items: center;
  width: -webkit-max-content;
  width: -moz-max-content;
  width: max-content;
  color: #E5E5E5;
  opacity: 0.4;
  -webkit-text-decoration: none;
  text-decoration: none;
  cursor: initial;
  position: relative;
  padding: 16px;
}

.c13::after {
  content: '';
  position: absolute;
  display: none;
  bottom: -2px;
  height: 1px;
  background-color: #E5E5E5;
  -webkit-transform-origin: right center;
  -ms-transform-origin: right center;
  transform-origin: right center;
  -webkit-transform: scale(0,1);
  -ms-transform: scale(0,1);
  transform: scale(0,1);
  -webkit-transition: -webkit-transform 0.25s cubic-bezier(0.37,0.31,0.2,0.85);
  -webkit-transition: transform 0.25s cubic-bezier(0.37,0.31,0.2,0.85);
  transition: transform 0.25s cubic-bezier(0.37,0.31,0.2,0.85);
}

.c5 {
  margin-left: 0px;
  margin-right: 4px;
}

.c5 svg {
  height: 16px;
  width: 16px;
}

.c11 {
  display: block;
  color: #666666;
}

.c0 {
  min-height: 24px;
}

.c1 {
  display: -webkit-box;
  display: -webkit-flex;
  display: -ms-flexbox;
  display: flex;
  margin: 0;
  padding: 0;
}

.c2 {
  display: inline-block;
  display: none;
}

.c12 {
  display: inline-block;
}

.c12 .c6 > svg {
  -webkit-transform: rotate(180deg);
  -ms-transform: rotate(180deg);
  transform: rotate(180deg);
}

.c4 .c6 > svg {
  position: relative;
  top: 4px;
  height: 16px;
  width: 16px;
}

.c4:hover .c6 > svg:hover {
  fill: #999999;
}

@media (min-width:752px) {
  .c2 {
    display: inline-block;
  }
}

@media (min-width:752px) {
  .c12 .c6 > svg {
    -webkit-transform: rotate(0deg);
    -ms-transform: rotate(0deg);
    transform: rotate(0deg);
  }
}

<div
    className="c0"
    data-paths-count={3}
    data-test="mms-breadcrumb-v2-ul"
  >
    <ul
      className="c1"
    >
      <li
        className="c2"
      >
        <a
          aria-label="home-link"
          className="c3 c4"
          color="grey4"
          href="/"
          target="_self"
        >
          <span
            className="c5"
            color="grey4"
          >
            <div
              className="c6 c7"
              color="black"
              height="sm"
              width="sm"
            >
              <svg
                viewBox="0 0 24 24"
                xmlns="http://www.w3.org/2000/svg"
              >
                <path
                  d="M21.71 10.71l-7.42-7.42a1 1 0 00-.7-.29h-3.18a1 1 0 00-.7.29l-7.42 7.42a1 1 0 00-.29.7v1.09a.5.5 0 00.5.5H4v7a1 1 0 001 1h5a1 1 0 001-1v-4.75a.25.25 0 01.25-.25h1.5a.25.25 0 01.25.25V20a1 1 0 001 1h5a1 1 0 001-1v-7h1.5a.5.5 0 00.5-.5v-1.09a1 1 0 00-.29-.7zM18 19h-3v-5a1 1 0 00-1-1h-4a1 1 0 00-1 1v5H6V9.83L10.83 5h2.34L18 9.83z"
                />
              </svg>
            </div>
          </span>
        </a>
      </li>
      <li
        className="c2"
      >
        <a
          className="c8"
          color="grey5"
          href=""
          target="_self"
        >
          <span
            className="c5"
            color="grey5"
          >
            <div
              className="c6 c9"
              color="black"
            >
              <svg
                height={306}
                width={306}
              >
                <path
                  d="M94.35 0l-35.7 35.7L175.95 153 58.65 270.3l35.7 35.7 153-153z"
                />
              </svg>
            </div>
          </span>
          <span
            className="c10 c11"
            color="grey5"
            fontSize="sm"
          >
            Computer & Büro
          </span>
        </a>
      </li>
      <li
        className="c12"
      >
        <a
          className="c8"
          color="grey5"
          href=""
          target="_self"
        >
          <span
            className="c5"
            color="grey5"
          >
            <div
              className="c6 c9"
              color="black"
            >
              <svg
                height={306}
                width={306}
              >
                <path
                  d="M94.35 0l-35.7 35.7L175.95 153 58.65 270.3l35.7 35.7 153-153z"
                />
              </svg>
            </div>
          </span>
          <span
            className="c10 c11"
            color="grey5"
            fontSize="sm"
          >
            Drucker & Scanner
          </span>
        </a>
      </li>
      <li
        className="c2"
      >
        <a
          className="c13"
          color="grey5"
          target="_self"
        >
          <span
            className="c5"
            color="grey5"
          >
            <div
              className="c6 c9"
              color="black"
            >
              <svg
                height={306}
                width={306}
              >
                <path
                  d="M94.35 0l-35.7 35.7L175.95 153 58.65 270.3l35.7 35.7 153-153z"
                />
              </svg>
            </div>
          </span>
          <span
            className="c10 c11"
            color="grey5"
            fontSize="sm"
          >
            Multifunktionsdrucker
          </span>
        </a>
      </li>
    </ul>
  </div>,
]
`;
