// Jest Snapshot v1, https://goo.gl/fbAQLP

exports[`VideoPlayer renders correctly 1`] = `
.c0 {
  position: relative;
  height: 100%;
  width: 100%;
}

.c0:before {
  content: '';
  display: block;
  padding-bottom: calc(100% / calc(16/9));
}

.c0 > img {
  height: auto;
}

.c1 {
  position: absolute;
  width: 100%;
  height: 100%;
  left: 0;
  top: 0;
  border: none;
}

<div
  className="c0"
>
  <div
    className="c1"
    id="video-player-container-player-core"
    rounded={false}
    style={
      Object {
        "height": "100%",
        "width": "100%",
      }
    }
  />
  <div
    id="video-player-container-player-core"
  />
</div>
`;
