// Jest Snapshot v1, https://goo.gl/fbAQLP

exports[`Picture renders correctly 1`] = `
.c0 {
  position: relative;
  display: -webkit-box;
  display: -webkit-flex;
  display: -ms-flexbox;
  display: flex;
  width: 100%;
  max-width: 100%;
}

.c0 img {
  object-fit: cover;
}

@media screen and (-ms-high-contrast:active),screen and (-ms-high-contrast:none) {
  .c0 {
    max-width: 100%;
  }
}

@media screen and (-ms-high-contrast:active),screen and (-ms-high-contrast:none) {
  .c0 img {
    max-width: 100%;
    width: auto;
    height: auto;
  }
}

<div
  className="c0"
  width="100%"
>
  <picture
    style={
      Object {
        "height": undefined,
        "width": "100%",
      }
    }
  >
    <img
      alt="Lorem ipsum"
      loading="eager"
      src="https://learn.filtered.com/hubfs/magpie%20client%20images%20and%20files/Procter%20and%20Gamble/instead%20of%20coming%20soon.png"
      width="100%"
    />
  </picture>
</div>
`;
