// Jest Snapshot v1, https://goo.gl/fbAQLP

exports[`InputRange should render 1`] = `
.c4 {
  color: #00C8DC;
  font-family: "Oswald","Raleway",Arial,sans-serif;
  font-weight: 400;
  -webkit-letter-spacing: normal;
  -moz-letter-spacing: normal;
  -ms-letter-spacing: normal;
  letter-spacing: normal;
  overflow: hidden;
  text-overflow: ellipsis;
  white-space: nowrap;
}

.c0 {
  padding: 24px;
  -webkit-box-flex: 1;
  -webkit-flex-grow: 1;
  -ms-flex-positive: 1;
  flex-grow: 1;
}

.c1 {
  height: 6rem;
}

.c2 {
  width: 4rem;
  height: 4rem;
  position: relative;
  display: -webkit-box;
  display: -webkit-flex;
  display: -ms-flexbox;
  display: flex;
  -webkit-box-pack: center;
  -webkit-justify-content: center;
  -ms-flex-pack: center;
  justify-content: center;
  -webkit-align-items: center;
  -webkit-box-align: center;
  -ms-flex-align: center;
  align-items: center;
  -webkit-transform: translateX(-50%);
  -ms-transform: translateX(-50%);
  transform: translateX(-50%);
}

.c3 {
  box-sizing: border-box;
  width: 100%;
  height: 100%;
  display: -webkit-box;
  display: -webkit-flex;
  display: -ms-flexbox;
  display: flex;
  -webkit-box-pack: center;
  -webkit-justify-content: center;
  -ms-flex-pack: center;
  justify-content: center;
  -webkit-align-items: center;
  -webkit-box-align: center;
  -ms-flex-align: center;
  align-items: center;
  border: 2px solid #00C8DC;
  border-radius: 50%;
}

.c5 {
  font-size: 26px;
  -webkit-transform: translateY(0);
  -ms-transform: translateY(0);
  transform: translateY(0);
  line-height: 40px;
  padding: 0;
}

.c6 {
  -webkit-appearance: none;
  box-shadow: 0 1px 1px 0 rgba(0,0,0,0.07),0 2px 1px -1px rgba(0,0,0,0.06),0 1px 3px 0 rgba(0,0,0,0.10);
  height: 1px;
  width: 1px;
  background: #00C8DC;
  cursor: pointer;
  position: relative;
}

.c6:after {
  content: '';
  position: absolute;
  height: 24px;
  width: 24px;
  margin-left: -16px;
  border-radius: 50%;
  background: #FFFFFF;
  border: 5px solid #00C8DC;
}

.c7 {
  width: 100%;
  height: 32px;
  -webkit-appearance: none;
}

.c7:focus {
  outline: none;
}

.c7::-webkit-slider-thumb {
  -webkit-appearance: none;
  height: 1px;
  width: 1px;
  border-radius: 50%;
  border: 2px solid #FFFFFF;
  -webkit-transform: translateY(4px) scale(32);
  -ms-transform: translateY(4px) scale(32);
  transform: translateY(4px) scale(32);
  opacity: 0;
  cursor: pointer;
}

.c7::-moz-range-thumb {
  -webkit-appearance: none;
  height: 1px;
  width: 1px;
  border: 2px solid #FFFFFF;
  -webkit-transform: scale(32);
  -ms-transform: scale(32);
  transform: scale(32);
  border-radius: 50%;
  opacity: 0;
  border: none;
  cursor: pointer;
}

.c7::-ms-thumb {
  -webkit-appearance: none;
  height: 1px;
  width: 1px;
  border: 2px solid #FFFFFF;
  border-radius: 50%;
  opacity: 0;
  cursor: pointer;
}

.c7::-webkit-slider-runnable-track {
  width: 100%;
  height: 8px;
  cursor: pointer;
  background: #E5E5E5;
  box-shadow: 0 1px 1px 0 rgba(0,0,0,0.07),0 2px 1px -1px rgba(0,0,0,0.06),0 1px 3px 0 rgba(0,0,0,0.10);
  border-radius: 4px;
}

.c7:focus::-webkit-slider-runnable-track {
  background: #E5E5E5;
}

.c7::-moz-range-track {
  width: 100%;
  height: 8px;
  cursor: pointer;
  background: #E5E5E5;
  box-shadow: 0 1px 1px 0 rgba(0,0,0,0.07),0 2px 1px -1px rgba(0,0,0,0.06),0 1px 3px 0 rgba(0,0,0,0.10);
  border-radius: 4px;
}

.c7::-ms-track {
  width: 100%;
  height: 8pxpx;
  cursor: pointer;
  background: transparent;
  border-color: transparent;
  border-width: 16px 0;
  color: transparent;
}

.c7::-ms-fill-lower {
  background: #E5E5E5;
  box-shadow: 0 1px 1px 0 rgba(0,0,0,0.07),0 2px 1px -1px rgba(0,0,0,0.06),0 1px 3px 0 rgba(0,0,0,0.10);
  border-radius: 4px;
}

.c7::-ms-fill-upper {
  background: #E5E5E5;
  box-shadow: 0 1px 1px 0 rgba(0,0,0,0.07),0 2px 1px -1px rgba(0,0,0,0.06),0 1px 3px 0 rgba(0,0,0,0.10);
  border-radius: 4px;
}

.c7:focus::-ms-fill-lower {
  background: #E5E5E5;
}

.c7:focus::-ms-fill-upper {
  background: #E5E5E5;
}

@media (max-width:512px) {
  .c0 {
    padding: 24px 32px;
  }
}

@media (max-width:752px) {
  .c2 {
    -webkit-transform: translateX(-50%) translateY(16px);
    -ms-transform: translateX(-50%) translateY(16px);
    transform: translateX(-50%) translateY(16px);
  }
}

@media (max-width:752px) {
  .c5 {
    font-size: 18px;
  }
}

@media (max-width:752px) {
  .c7::-webkit-slider-thumb {
    -webkit-transform: translateY(4px) scale(16);
    -ms-transform: translateY(4px) scale(16);
    transform: translateY(4px) scale(16);
  }
}

<div
  className="c0"
>
  <div
    className="c1"
  >
    <output
      className="c2"
      style={
        Object {
          "left": "100%",
        }
      }
    >
      <output
        className="c3"
      >
        <span
          className="c4 c5"
          color="primary"
          fontFamily="default"
        >
          10
        </span>
      </output>
    </output>
  </div>
  <div
    className="c6"
    style={
      Object {
        "left": "100%",
      }
    }
  />
  <input
    className="c7"
    list="input-range"
    max="1"
    min="0"
    name="input-range"
    onChange={[Function]}
    onMouseDown={[Function]}
    onMouseUp={[Function]}
    onTouchEnd={[Function]}
    onTouchStart={[Function]}
    step="0.1"
    type="range"
    value="1"
  />
</div>
`;
